
> web@0.1.0 build
> next build

▲ Next.js 16.2.10 (Turbopack)

  Creating an optimized production build ...
✓ Compiled successfully in 1380ms
  Running TypeScript ...
  Finished TypeScript in 1111ms ...
  Collecting page data using 9 workers ...
⚠ Using edge runtime on a page currently disables static generation for that page
  Generating static pages using 9 workers (0/7) ...
  Generating static pages using 9 workers (1/7) 
  Generating static pages using 9 workers (3/7) 
  Generating static pages using 9 workers (5/7) 
✓ Generating static pages using 9 workers (7/7) in 92ms
  Finalizing page optimization ...

Route (app)
┌ ○ /
├ ○ /_not-found
├ ○ /admin
├ ○ /dashboard
├ ƒ /icon
├ ○ /login
├ ○ /oauth/callback
└ ƒ /project/[id]/run


○  (Static)   prerendered as static content
ƒ  (Dynamic)  server-rendered on demand

